<html>
<body>
<pre>
<h1>µVision Build Log</h1>
<h2>Tool Versions:</h2>
IDE-Version: ¦ÌVision V5.34.0.0
Copyright (C) 2021 ARM Ltd and ARM Germany GmbH. All rights reserved.
License Information: 123 123, 123, LIC=32B1Q-NQYM3-VE0HA-1HR5G-HVEYZ-WY1WX
 
Tool Versions:
Toolchain:       MDK-ARM Plus  Version: 5.34.0.0
Toolchain Path:  C:\Keil_v5\ARM\ARMCC\Bin
C Compiler:      Armcc.exe V5.06 update 7 (build 960)
Assembler:       Armasm.exe V5.06 update 7 (build 960)
Linker/Locator:  ArmLink.exe V5.06 update 7 (build 960)
Library Manager: ArmAr.exe V5.06 update 7 (build 960)
Hex Converter:   FromElf.exe V5.06 update 7 (build 960)
CPU DLL:         SARMCM3.DLL V5.34.0.0
Dialog DLL:      DCM.DLL V1.17.3.0
Target DLL:      STLink\ST-LINKIII-KEIL_SWO.dll V3.0.8.0
Dialog DLL:      TCM.DLL V1.48.0.0
 
<h2>Project:</h2>
C:\Users\LONG\Desktop\STM32F407\Key_Led\MDK-ARM\Key_Led.uvprojx
Project File Date:  11/05/2024

<h2>Output:</h2>
*** Using Compiler 'V5.06 update 7 (build 960)', folder: 'C:\Keil_v5\ARM\ARMCC\Bin'
Build target 'Key_Led'
compiling bsp_key.c...
compiling freertos.c...
..\BSP\LED\inc\bsp_led.h(47): warning:  #1-D: last line of file ends without a newline
  #endif // BSP_LED_H
../Core/Src/freertos.c: 1 warning, 0 errors
compiling main.c...
..\BSP\LED\inc\bsp_led.h(47): warning:  #1-D: last line of file ends without a newline
  #endif // BSP_LED_H
../Core/Src/main.c: 1 warning, 0 errors
linking...
Program Size: Code=10812 RO-data=496 RW-data=152 ZI-data=19816  
FromELF: creating hex file...
"Key_Led\Key_Led.axf" - 0 Error(s), 2 Warning(s).

<h2>Software Packages used:</h2>

Package Vendor: ARM
                https://www.keil.com/pack/ARM.CMSIS.6.1.0.pack
                ARM.CMSIS.6.1.0
                CMSIS (Common Microcontroller Software Interface Standard)
   * Component: CORE Version: 6.1.0

Package Vendor: Keil
                https://www.keil.com/pack/Keil.STM32F4xx_DFP.2.17.0.pack
                Keil.STM32F4xx_DFP.2.17.0
                STMicroelectronics STM32F4 Series Device Support, Drivers and Examples

<h2>Collection of Component include folders:</h2>
  .\RTE\_Key_Led
  C:\Users\LONG\AppData\Local\Arm\Packs\ARM\CMSIS\6.1.0\CMSIS\Core\Include
  C:\Users\LONG\AppData\Local\Arm\Packs\Keil\STM32F4xx_DFP\2.17.0\Drivers\CMSIS\Device\ST\STM32F4xx\Include

<h2>Collection of Component Files used:</h2>

   * Component: ARM::CMSIS:CORE:6.1.0
      Include file:  CMSIS\Core\Include\tz_context.h
Build Time Elapsed:  00:00:05
</pre>
</body>
</html>
